// Jest Snapshot v1, https://goo.gl/fbAQLP

exports[`<Hide /> renders correctly 1`] = `
<div
  className="hide mobile"
>
  hello
</div>
`;
