// Jest Snapshot v1, https://goo.gl/fbAQLP

exports[`<CircularLoader /> renders correctly 1`] = `
<div
  className="circular-loader"
/>
`;
