// Jest Snapshot v1, https://goo.gl/fbAQLP

exports[`<StyledWrapper /> renders correctly 1`] = `
<div
  styles={[Function]}
/>
`;
