// Jest Snapshot v1, https://goo.gl/fbAQLP

exports[`<SummaryCard /> renders correctly 1`] = `
<div
  className="summary-card"
>
  <div
    className="content"
  >
    <div
      className="layout"
      id={undefined}
      style={undefined}
    >
      <div
        className="col col-sm-8 border-neutral-6"
        onClick={undefined}
        style={undefined}
      >
        <div>
          <p
            className="primary-3 type-a-5-bold inherit"
          >
            header
          </p>
          <div
            className="size-6"
          />
          <p
            className="neutral-3 type-b-8-medium inherit"
          >
            subheader
          </p>
        </div>
      </div>
      <div
        className="col col-sm-4 border-neutral-6"
        onClick={undefined}
        style={undefined}
      >
        <div>
          <p
            className="primary-3 type-a-5-bold inherit"
          >
            secondaryHeader
          </p>
          <div
            className="size-6"
          />
          <p
            className="neutral-3 type-b-8-medium inherit"
          >
            another subhead
          </p>
        </div>
      </div>
    </div>
  </div>
  <div
    className="layout footer"
    id={undefined}
    style={undefined}
  >
    <div
      className="col col-sm-8 border-neutral-6"
      onClick={undefined}
      style={undefined}
    >
      <a
        className="link neutral-1 secondary"
        onClick={[Function]}
      >
        <p
          className="primary-3 type-b-10-medium inherit"
        >
          A link
        </p>
      </a>
    </div>
    <div
      className="col col-sm-4 border-neutral-6"
      onClick={undefined}
      style={undefined}
    >
      <a
        className="link neutral-1 secondary"
        onClick={[Function]}
      >
        <p
          className="primary-3 type-b-10-medium inherit"
        >
          second link
        </p>
      </a>
    </div>
  </div>
</div>
`;
