// Jest Snapshot v1, https://goo.gl/fbAQLP

exports[`<Icon /> matches snapshot 1`] = `
<span
  className="icon-wrapper clickable inline left some-class"
  onClick={[Function]}
  style={
    Object {
      "height": "100px",
      "width": "200px",
    }
  }
>
  <img
    alt="xIcon"
    className="img"
    data-src={undefined}
    src="https://static.policygenius.com/svgs/xIcon.svg"
    title="xIcon"
  />
</span>
`;
