// Jest Snapshot v1, https://goo.gl/fbAQLP

exports[`<SimplePolicyCard /> renders correctly 1`] = `
<div>
  <div
    className="mobile-card"
  >
    <div
      className="featured-policy-card"
    >
      <div
        className="content"
      >
        <div
          className="premium"
        >
          <strong
            className="text typography-2 semibold neutral-1 undefined strong undefined"
          >
            $19.80
             
            <strong
              className="text typography-7 semibold neutral-2 undefined strong undefined"
            >
              /MO
            </strong>
          </strong>
          <div
            className="top-1"
          />
        </div>
        <div
          className="top-6"
        />
        <div
          className="carrier-logo"
        >
          <div />
        </div>
        <div
          className="top-6"
        />
        <div
          className="button-group"
        >
          <button
            className="button action"
            disabled={undefined}
            onClick={[Function]}
            type="button"
          >
            View Policy
          </button>
          <div
            className="top-2"
          />
          <button
            className="button button"
            disabled={undefined}
            onClick={[Function]}
            type="button"
          >
            Compare
          </button>
        </div>
      </div>
    </div>
  </div>
  <div
    className="policy-card"
  >
    <div
      className="body"
    >
      <div
        className="hide compare small"
      >
        <div
          className="checkbox-wrapper"
          id="undefined-checkbox-wrapper"
          onClick={[Function]}
        >
          <p
            className="text typography-6 light neutral-3 undefined p undefined"
          >
            Compare
          </p>
          <div
            className="top-1"
          />
          <label
            className="checkbox"
            htmlFor="checkbox-undefined"
          >
            <input
              checked={undefined}
              className="checkbox-input"
              id="checkbox-undefined"
              name={undefined}
              type="checkbox"
              value={undefined}
            />
            <span
              className="checkbox-label light"
            />
          </label>
        </div>
      </div>
      <div
        className="divider"
      />
      <div
        className="carrier-logo"
      >
        <div />
      </div>
      <div
        className="divider"
      />
      <div
        className="premium"
      >
        <strong
          className="text typography-3 semibold neutral-1 undefined strong undefined premium-text"
        >
          $19.80
           
          <strong
            className="text typography-7 semibold neutral-2 undefined strong undefined"
          >
            /MO
          </strong>
        </strong>
      </div>
      <div
        className="divider info-divider"
      />
      <div
        className="actions"
      >
        <div
          className="layout"
          style={
            Object {
              "width": "100%",
            }
          }
        >
          <div
            className="col col-sm-12 col-md-12 bottom-spacing-undefined"
            onClick={undefined}
            style={undefined}
          >
            <button
              className="button action slim"
              disabled={undefined}
              onClick={[Function]}
              type="button"
            >
              <div
                className="hide small medium"
              >
                <p
                  className="text typography-6 regular undefined undefined p undefined"
                >
                  View Policy
                </p>
              </div>
              <div
                className="hide large xLarge xxLarge"
              >
                <p
                  className="text typography-6 regular undefined undefined p undefined"
                >
                  View Policy
                </p>
              </div>
            </button>
          </div>
        </div>
      </div>
    </div>
  </div>
</div>
`;
