// Jest Snapshot v1, https://goo.gl/fbAQLP

exports[`<StepIndicator /> renders correctly 1`] = `
<div
  className="step-indicator"
/>
`;
