// Jest Snapshot v1, https://goo.gl/fbAQLP

exports[`<Br /> renders correctly 1`] = `
<span
  className="br"
/>
`;
