// Jest Snapshot v1, https://goo.gl/fbAQLP

exports[`<MobileMenu /> renders correctly 1`] = `
<ul
  className="tabs-wrapper"
/>
`;
